// Jest Snapshot v1, https://goo.gl/fbAQLP

exports[`<OrderMenu /> should render the menu of sort items 1`] = `
<div>
  <button
    aria-controls="simple-menu"
    aria-haspopup="true"
    class="MuiButtonBase-root MuiButton-root MuiButton-contained MuiButton-containedPrimary MuiButton-containedSizeLarge MuiButton-sizeLarge"
    tabindex="0"
    type="button"
  >
    <span
      class="MuiButton-label"
    >
      <img
        alt="filtro"
        src="/assets/arrow-down-icon.svg"
      />
    </span>
    <span
      class="MuiTouchRipple-root"
    />
  </button>
</div>
`;
